Linked: (/home/zf/catkin_ws/devel/.private/cartographer_ros_msgs/share/cartographer_ros_msgs/cmake/cartographer_ros_msgsConfig.cmake, /home/zf/catkin_ws/devel/share/cartographer_ros_msgs/cmake/cartographer_ros_msgsConfig.cmake)
Linked: (/home/zf/catkin_ws/devel/.private/cartographer_ros_msgs/share/cartographer_ros_msgs/cmake/cartographer_ros_msgs-msg-paths.cmake, /home/zf/catkin_ws/devel/share/cartographer_ros_msgs/cmake/cartographer_ros_msgs-msg-paths.cmake)
Linked: (/home/zf/catkin_ws/devel/.private/cartographer_ros_msgs/share/cartographer_ros_msgs/cmake/cartographer_ros_msgs-msg-extras.cmake, /home/zf/catkin_ws/devel/share/cartographer_ros_msgs/cmake/cartographer_ros_msgs-msg-extras.cmake)
Linked: (/home/zf/catkin_ws/devel/.private/cartographer_ros_msgs/share/cartographer_ros_msgs/cmake/cartographer_ros_msgsConfig-version.cmake, /home/zf/catkin_ws/devel/share/cartographer_ros_msgs/cmake/cartographer_ros_msgsConfig-version.cmake)
Linked: (/home/zf/catkin_ws/devel/.private/cartographer_ros_msgs/share/roseus/ros/cartographer_ros_msgs/manifest.l, /home/zf/catkin_ws/devel/share/roseus/ros/cartographer_ros_msgs/manifest.l)
Linked: (/home/zf/catkin_ws/devel/.private/cartographer_ros_msgs/share/roseus/ros/cartographer_ros_msgs/msg/TrajectoryStates.l, /home/zf/catkin_ws/devel/share/roseus/ros/cartographer_ros_msgs/msg/TrajectoryStates.l)
Linked: (/home/zf/catkin_ws/devel/.private/cartographer_ros_msgs/share/roseus/ros/cartographer_ros_msgs/msg/Metric.l, /home/zf/catkin_ws/devel/share/roseus/ros/cartographer_ros_msgs/msg/Metric.l)
Linked: (/home/zf/catkin_ws/devel/.private/cartographer_ros_msgs/share/roseus/ros/cartographer_ros_msgs/msg/MetricLabel.l, /home/zf/catkin_ws/devel/share/roseus/ros/cartographer_ros_msgs/msg/MetricLabel.l)
Linked: (/home/zf/catkin_ws/devel/.private/cartographer_ros_msgs/share/roseus/ros/cartographer_ros_msgs/msg/BagfileProgress.l, /home/zf/catkin_ws/devel/share/roseus/ros/cartographer_ros_msgs/msg/BagfileProgress.l)
Linked: (/home/zf/catkin_ws/devel/.private/cartographer_ros_msgs/share/roseus/ros/cartographer_ros_msgs/msg/MetricFamily.l, /home/zf/catkin_ws/devel/share/roseus/ros/cartographer_ros_msgs/msg/MetricFamily.l)
Linked: (/home/zf/catkin_ws/devel/.private/cartographer_ros_msgs/share/roseus/ros/cartographer_ros_msgs/msg/LandmarkEntry.l, /home/zf/catkin_ws/devel/share/roseus/ros/cartographer_ros_msgs/msg/LandmarkEntry.l)
Linked: (/home/zf/catkin_ws/devel/.private/cartographer_ros_msgs/share/roseus/ros/cartographer_ros_msgs/msg/LandmarkList.l, /home/zf/catkin_ws/devel/share/roseus/ros/cartographer_ros_msgs/msg/LandmarkList.l)
Linked: (/home/zf/catkin_ws/devel/.private/cartographer_ros_msgs/share/roseus/ros/cartographer_ros_msgs/msg/HistogramBucket.l, /home/zf/catkin_ws/devel/share/roseus/ros/cartographer_ros_msgs/msg/HistogramBucket.l)
Linked: (/home/zf/catkin_ws/devel/.private/cartographer_ros_msgs/share/roseus/ros/cartographer_ros_msgs/msg/SubmapEntry.l, /home/zf/catkin_ws/devel/share/roseus/ros/cartographer_ros_msgs/msg/SubmapEntry.l)
Linked: (/home/zf/catkin_ws/devel/.private/cartographer_ros_msgs/share/roseus/ros/cartographer_ros_msgs/msg/StatusResponse.l, /home/zf/catkin_ws/devel/share/roseus/ros/cartographer_ros_msgs/msg/StatusResponse.l)
Linked: (/home/zf/catkin_ws/devel/.private/cartographer_ros_msgs/share/roseus/ros/cartographer_ros_msgs/msg/StatusCode.l, /home/zf/catkin_ws/devel/share/roseus/ros/cartographer_ros_msgs/msg/StatusCode.l)
Linked: (/home/zf/catkin_ws/devel/.private/cartographer_ros_msgs/share/roseus/ros/cartographer_ros_msgs/msg/SubmapList.l, /home/zf/catkin_ws/devel/share/roseus/ros/cartographer_ros_msgs/msg/SubmapList.l)
Linked: (/home/zf/catkin_ws/devel/.private/cartographer_ros_msgs/share/roseus/ros/cartographer_ros_msgs/msg/SubmapTexture.l, /home/zf/catkin_ws/devel/share/roseus/ros/cartographer_ros_msgs/msg/SubmapTexture.l)
Linked: (/home/zf/catkin_ws/devel/.private/cartographer_ros_msgs/share/roseus/ros/cartographer_ros_msgs/srv/FinishTrajectory.l, /home/zf/catkin_ws/devel/share/roseus/ros/cartographer_ros_msgs/srv/FinishTrajectory.l)
Linked: (/home/zf/catkin_ws/devel/.private/cartographer_ros_msgs/share/roseus/ros/cartographer_ros_msgs/srv/StartTrajectory.l, /home/zf/catkin_ws/devel/share/roseus/ros/cartographer_ros_msgs/srv/StartTrajectory.l)
Linked: (/home/zf/catkin_ws/devel/.private/cartographer_ros_msgs/share/roseus/ros/cartographer_ros_msgs/srv/TrajectoryQuery.l, /home/zf/catkin_ws/devel/share/roseus/ros/cartographer_ros_msgs/srv/TrajectoryQuery.l)
Linked: (/home/zf/catkin_ws/devel/.private/cartographer_ros_msgs/share/roseus/ros/cartographer_ros_msgs/srv/SubmapQuery.l, /home/zf/catkin_ws/devel/share/roseus/ros/cartographer_ros_msgs/srv/SubmapQuery.l)
Linked: (/home/zf/catkin_ws/devel/.private/cartographer_ros_msgs/share/roseus/ros/cartographer_ros_msgs/srv/ReadMetrics.l, /home/zf/catkin_ws/devel/share/roseus/ros/cartographer_ros_msgs/srv/ReadMetrics.l)
Linked: (/home/zf/catkin_ws/devel/.private/cartographer_ros_msgs/share/roseus/ros/cartographer_ros_msgs/srv/GetTrajectoryStates.l, /home/zf/catkin_ws/devel/share/roseus/ros/cartographer_ros_msgs/srv/GetTrajectoryStates.l)
Linked: (/home/zf/catkin_ws/devel/.private/cartographer_ros_msgs/share/roseus/ros/cartographer_ros_msgs/srv/WriteState.l, /home/zf/catkin_ws/devel/share/roseus/ros/cartographer_ros_msgs/srv/WriteState.l)
Linked: (/home/zf/catkin_ws/devel/.private/cartographer_ros_msgs/share/gennodejs/ros/cartographer_ros_msgs/_index.js, /home/zf/catkin_ws/devel/share/gennodejs/ros/cartographer_ros_msgs/_index.js)
Linked: (/home/zf/catkin_ws/devel/.private/cartographer_ros_msgs/share/gennodejs/ros/cartographer_ros_msgs/msg/BagfileProgress.js, /home/zf/catkin_ws/devel/share/gennodejs/ros/cartographer_ros_msgs/msg/BagfileProgress.js)
Linked: (/home/zf/catkin_ws/devel/.private/cartographer_ros_msgs/share/gennodejs/ros/cartographer_ros_msgs/msg/SubmapTexture.js, /home/zf/catkin_ws/devel/share/gennodejs/ros/cartographer_ros_msgs/msg/SubmapTexture.js)
Linked: (/home/zf/catkin_ws/devel/.private/cartographer_ros_msgs/share/gennodejs/ros/cartographer_ros_msgs/msg/TrajectoryStates.js, /home/zf/catkin_ws/devel/share/gennodejs/ros/cartographer_ros_msgs/msg/TrajectoryStates.js)
Linked: (/home/zf/catkin_ws/devel/.private/cartographer_ros_msgs/share/gennodejs/ros/cartographer_ros_msgs/msg/LandmarkList.js, /home/zf/catkin_ws/devel/share/gennodejs/ros/cartographer_ros_msgs/msg/LandmarkList.js)
Linked: (/home/zf/catkin_ws/devel/.private/cartographer_ros_msgs/share/gennodejs/ros/cartographer_ros_msgs/msg/StatusResponse.js, /home/zf/catkin_ws/devel/share/gennodejs/ros/cartographer_ros_msgs/msg/StatusResponse.js)
Linked: (/home/zf/catkin_ws/devel/.private/cartographer_ros_msgs/share/gennodejs/ros/cartographer_ros_msgs/msg/_index.js, /home/zf/catkin_ws/devel/share/gennodejs/ros/cartographer_ros_msgs/msg/_index.js)
Linked: (/home/zf/catkin_ws/devel/.private/cartographer_ros_msgs/share/gennodejs/ros/cartographer_ros_msgs/msg/SubmapEntry.js, /home/zf/catkin_ws/devel/share/gennodejs/ros/cartographer_ros_msgs/msg/SubmapEntry.js)
Linked: (/home/zf/catkin_ws/devel/.private/cartographer_ros_msgs/share/gennodejs/ros/cartographer_ros_msgs/msg/Metric.js, /home/zf/catkin_ws/devel/share/gennodejs/ros/cartographer_ros_msgs/msg/Metric.js)
Linked: (/home/zf/catkin_ws/devel/.private/cartographer_ros_msgs/share/gennodejs/ros/cartographer_ros_msgs/msg/SubmapList.js, /home/zf/catkin_ws/devel/share/gennodejs/ros/cartographer_ros_msgs/msg/SubmapList.js)
Linked: (/home/zf/catkin_ws/devel/.private/cartographer_ros_msgs/share/gennodejs/ros/cartographer_ros_msgs/msg/HistogramBucket.js, /home/zf/catkin_ws/devel/share/gennodejs/ros/cartographer_ros_msgs/msg/HistogramBucket.js)
Linked: (/home/zf/catkin_ws/devel/.private/cartographer_ros_msgs/share/gennodejs/ros/cartographer_ros_msgs/msg/StatusCode.js, /home/zf/catkin_ws/devel/share/gennodejs/ros/cartographer_ros_msgs/msg/StatusCode.js)
Linked: (/home/zf/catkin_ws/devel/.private/cartographer_ros_msgs/share/gennodejs/ros/cartographer_ros_msgs/msg/LandmarkEntry.js, /home/zf/catkin_ws/devel/share/gennodejs/ros/cartographer_ros_msgs/msg/LandmarkEntry.js)
Linked: (/home/zf/catkin_ws/devel/.private/cartographer_ros_msgs/share/gennodejs/ros/cartographer_ros_msgs/msg/MetricLabel.js, /home/zf/catkin_ws/devel/share/gennodejs/ros/cartographer_ros_msgs/msg/MetricLabel.js)
Linked: (/home/zf/catkin_ws/devel/.private/cartographer_ros_msgs/share/gennodejs/ros/cartographer_ros_msgs/msg/MetricFamily.js, /home/zf/catkin_ws/devel/share/gennodejs/ros/cartographer_ros_msgs/msg/MetricFamily.js)
Linked: (/home/zf/catkin_ws/devel/.private/cartographer_ros_msgs/share/gennodejs/ros/cartographer_ros_msgs/srv/SubmapQuery.js, /home/zf/catkin_ws/devel/share/gennodejs/ros/cartographer_ros_msgs/srv/SubmapQuery.js)
Linked: (/home/zf/catkin_ws/devel/.private/cartographer_ros_msgs/share/gennodejs/ros/cartographer_ros_msgs/srv/StartTrajectory.js, /home/zf/catkin_ws/devel/share/gennodejs/ros/cartographer_ros_msgs/srv/StartTrajectory.js)
Linked: (/home/zf/catkin_ws/devel/.private/cartographer_ros_msgs/share/gennodejs/ros/cartographer_ros_msgs/srv/GetTrajectoryStates.js, /home/zf/catkin_ws/devel/share/gennodejs/ros/cartographer_ros_msgs/srv/GetTrajectoryStates.js)
Linked: (/home/zf/catkin_ws/devel/.private/cartographer_ros_msgs/share/gennodejs/ros/cartographer_ros_msgs/srv/ReadMetrics.js, /home/zf/catkin_ws/devel/share/gennodejs/ros/cartographer_ros_msgs/srv/ReadMetrics.js)
Linked: (/home/zf/catkin_ws/devel/.private/cartographer_ros_msgs/share/gennodejs/ros/cartographer_ros_msgs/srv/_index.js, /home/zf/catkin_ws/devel/share/gennodejs/ros/cartographer_ros_msgs/srv/_index.js)
Linked: (/home/zf/catkin_ws/devel/.private/cartographer_ros_msgs/share/gennodejs/ros/cartographer_ros_msgs/srv/TrajectoryQuery.js, /home/zf/catkin_ws/devel/share/gennodejs/ros/cartographer_ros_msgs/srv/TrajectoryQuery.js)
Linked: (/home/zf/catkin_ws/devel/.private/cartographer_ros_msgs/share/gennodejs/ros/cartographer_ros_msgs/srv/WriteState.js, /home/zf/catkin_ws/devel/share/gennodejs/ros/cartographer_ros_msgs/srv/WriteState.js)
Linked: (/home/zf/catkin_ws/devel/.private/cartographer_ros_msgs/share/gennodejs/ros/cartographer_ros_msgs/srv/FinishTrajectory.js, /home/zf/catkin_ws/devel/share/gennodejs/ros/cartographer_ros_msgs/srv/FinishTrajectory.js)
Linked: (/home/zf/catkin_ws/devel/.private/cartographer_ros_msgs/share/common-lisp/ros/cartographer_ros_msgs/msg/_package_MetricLabel.lisp, /home/zf/catkin_ws/devel/share/common-lisp/ros/cartographer_ros_msgs/msg/_package_MetricLabel.lisp)
Linked: (/home/zf/catkin_ws/devel/.private/cartographer_ros_msgs/share/common-lisp/ros/cartographer_ros_msgs/msg/HistogramBucket.lisp, /home/zf/catkin_ws/devel/share/common-lisp/ros/cartographer_ros_msgs/msg/HistogramBucket.lisp)
Linked: (/home/zf/catkin_ws/devel/.private/cartographer_ros_msgs/share/common-lisp/ros/cartographer_ros_msgs/msg/_package.lisp, /home/zf/catkin_ws/devel/share/common-lisp/ros/cartographer_ros_msgs/msg/_package.lisp)
Linked: (/home/zf/catkin_ws/devel/.private/cartographer_ros_msgs/share/common-lisp/ros/cartographer_ros_msgs/msg/_package_LandmarkEntry.lisp, /home/zf/catkin_ws/devel/share/common-lisp/ros/cartographer_ros_msgs/msg/_package_LandmarkEntry.lisp)
Linked: (/home/zf/catkin_ws/devel/.private/cartographer_ros_msgs/share/common-lisp/ros/cartographer_ros_msgs/msg/_package_StatusCode.lisp, /home/zf/catkin_ws/devel/share/common-lisp/ros/cartographer_ros_msgs/msg/_package_StatusCode.lisp)
Linked: (/home/zf/catkin_ws/devel/.private/cartographer_ros_msgs/share/common-lisp/ros/cartographer_ros_msgs/msg/Metric.lisp, /home/zf/catkin_ws/devel/share/common-lisp/ros/cartographer_ros_msgs/msg/Metric.lisp)
Linked: (/home/zf/catkin_ws/devel/.private/cartographer_ros_msgs/share/common-lisp/ros/cartographer_ros_msgs/msg/_package_SubmapList.lisp, /home/zf/catkin_ws/devel/share/common-lisp/ros/cartographer_ros_msgs/msg/_package_SubmapList.lisp)
Linked: (/home/zf/catkin_ws/devel/.private/cartographer_ros_msgs/share/common-lisp/ros/cartographer_ros_msgs/msg/_package_LandmarkList.lisp, /home/zf/catkin_ws/devel/share/common-lisp/ros/cartographer_ros_msgs/msg/_package_LandmarkList.lisp)
Linked: (/home/zf/catkin_ws/devel/.private/cartographer_ros_msgs/share/common-lisp/ros/cartographer_ros_msgs/msg/MetricFamily.lisp, /home/zf/catkin_ws/devel/share/common-lisp/ros/cartographer_ros_msgs/msg/MetricFamily.lisp)
Linked: (/home/zf/catkin_ws/devel/.private/cartographer_ros_msgs/share/common-lisp/ros/cartographer_ros_msgs/msg/LandmarkEntry.lisp, /home/zf/catkin_ws/devel/share/common-lisp/ros/cartographer_ros_msgs/msg/LandmarkEntry.lisp)
Linked: (/home/zf/catkin_ws/devel/.private/cartographer_ros_msgs/share/common-lisp/ros/cartographer_ros_msgs/msg/StatusResponse.lisp, /home/zf/catkin_ws/devel/share/common-lisp/ros/cartographer_ros_msgs/msg/StatusResponse.lisp)
Linked: (/home/zf/catkin_ws/devel/.private/cartographer_ros_msgs/share/common-lisp/ros/cartographer_ros_msgs/msg/BagfileProgress.lisp, /home/zf/catkin_ws/devel/share/common-lisp/ros/cartographer_ros_msgs/msg/BagfileProgress.lisp)
Linked: (/home/zf/catkin_ws/devel/.private/cartographer_ros_msgs/share/common-lisp/ros/cartographer_ros_msgs/msg/_package_TrajectoryStates.lisp, /home/zf/catkin_ws/devel/share/common-lisp/ros/cartographer_ros_msgs/msg/_package_TrajectoryStates.lisp)
Linked: (/home/zf/catkin_ws/devel/.private/cartographer_ros_msgs/share/common-lisp/ros/cartographer_ros_msgs/msg/StatusCode.lisp, /home/zf/catkin_ws/devel/share/common-lisp/ros/cartographer_ros_msgs/msg/StatusCode.lisp)
Linked: (/home/zf/catkin_ws/devel/.private/cartographer_ros_msgs/share/common-lisp/ros/cartographer_ros_msgs/msg/_package_SubmapEntry.lisp, /home/zf/catkin_ws/devel/share/common-lisp/ros/cartographer_ros_msgs/msg/_package_SubmapEntry.lisp)
Linked: (/home/zf/catkin_ws/devel/.private/cartographer_ros_msgs/share/common-lisp/ros/cartographer_ros_msgs/msg/LandmarkList.lisp, /home/zf/catkin_ws/devel/share/common-lisp/ros/cartographer_ros_msgs/msg/LandmarkList.lisp)
Linked: (/home/zf/catkin_ws/devel/.private/cartographer_ros_msgs/share/common-lisp/ros/cartographer_ros_msgs/msg/TrajectoryStates.lisp, /home/zf/catkin_ws/devel/share/common-lisp/ros/cartographer_ros_msgs/msg/TrajectoryStates.lisp)
Linked: (/home/zf/catkin_ws/devel/.private/cartographer_ros_msgs/share/common-lisp/ros/cartographer_ros_msgs/msg/_package_SubmapTexture.lisp, /home/zf/catkin_ws/devel/share/common-lisp/ros/cartographer_ros_msgs/msg/_package_SubmapTexture.lisp)
Linked: (/home/zf/catkin_ws/devel/.private/cartographer_ros_msgs/share/common-lisp/ros/cartographer_ros_msgs/msg/MetricLabel.lisp, /home/zf/catkin_ws/devel/share/common-lisp/ros/cartographer_ros_msgs/msg/MetricLabel.lisp)
Linked: (/home/zf/catkin_ws/devel/.private/cartographer_ros_msgs/share/common-lisp/ros/cartographer_ros_msgs/msg/cartographer_ros_msgs-msg.asd, /home/zf/catkin_ws/devel/share/common-lisp/ros/cartographer_ros_msgs/msg/cartographer_ros_msgs-msg.asd)
Linked: (/home/zf/catkin_ws/devel/.private/cartographer_ros_msgs/share/common-lisp/ros/cartographer_ros_msgs/msg/SubmapTexture.lisp, /home/zf/catkin_ws/devel/share/common-lisp/ros/cartographer_ros_msgs/msg/SubmapTexture.lisp)
Linked: (/home/zf/catkin_ws/devel/.private/cartographer_ros_msgs/share/common-lisp/ros/cartographer_ros_msgs/msg/_package_MetricFamily.lisp, /home/zf/catkin_ws/devel/share/common-lisp/ros/cartographer_ros_msgs/msg/_package_MetricFamily.lisp)
Linked: (/home/zf/catkin_ws/devel/.private/cartographer_ros_msgs/share/common-lisp/ros/cartographer_ros_msgs/msg/SubmapList.lisp, /home/zf/catkin_ws/devel/share/common-lisp/ros/cartographer_ros_msgs/msg/SubmapList.lisp)
Linked: (/home/zf/catkin_ws/devel/.private/cartographer_ros_msgs/share/common-lisp/ros/cartographer_ros_msgs/msg/_package_BagfileProgress.lisp, /home/zf/catkin_ws/devel/share/common-lisp/ros/cartographer_ros_msgs/msg/_package_BagfileProgress.lisp)
Linked: (/home/zf/catkin_ws/devel/.private/cartographer_ros_msgs/share/common-lisp/ros/cartographer_ros_msgs/msg/_package_StatusResponse.lisp, /home/zf/catkin_ws/devel/share/common-lisp/ros/cartographer_ros_msgs/msg/_package_StatusResponse.lisp)
Linked: (/home/zf/catkin_ws/devel/.private/cartographer_ros_msgs/share/common-lisp/ros/cartographer_ros_msgs/msg/SubmapEntry.lisp, /home/zf/catkin_ws/devel/share/common-lisp/ros/cartographer_ros_msgs/msg/SubmapEntry.lisp)
Linked: (/home/zf/catkin_ws/devel/.private/cartographer_ros_msgs/share/common-lisp/ros/cartographer_ros_msgs/msg/_package_Metric.lisp, /home/zf/catkin_ws/devel/share/common-lisp/ros/cartographer_ros_msgs/msg/_package_Metric.lisp)
Linked: (/home/zf/catkin_ws/devel/.private/cartographer_ros_msgs/share/common-lisp/ros/cartographer_ros_msgs/msg/_package_HistogramBucket.lisp, /home/zf/catkin_ws/devel/share/common-lisp/ros/cartographer_ros_msgs/msg/_package_HistogramBucket.lisp)
Linked: (/home/zf/catkin_ws/devel/.private/cartographer_ros_msgs/share/common-lisp/ros/cartographer_ros_msgs/srv/_package.lisp, /home/zf/catkin_ws/devel/share/common-lisp/ros/cartographer_ros_msgs/srv/_package.lisp)
Linked: (/home/zf/catkin_ws/devel/.private/cartographer_ros_msgs/share/common-lisp/ros/cartographer_ros_msgs/srv/SubmapQuery.lisp, /home/zf/catkin_ws/devel/share/common-lisp/ros/cartographer_ros_msgs/srv/SubmapQuery.lisp)
Linked: (/home/zf/catkin_ws/devel/.private/cartographer_ros_msgs/share/common-lisp/ros/cartographer_ros_msgs/srv/_package_ReadMetrics.lisp, /home/zf/catkin_ws/devel/share/common-lisp/ros/cartographer_ros_msgs/srv/_package_ReadMetrics.lisp)
Linked: (/home/zf/catkin_ws/devel/.private/cartographer_ros_msgs/share/common-lisp/ros/cartographer_ros_msgs/srv/StartTrajectory.lisp, /home/zf/catkin_ws/devel/share/common-lisp/ros/cartographer_ros_msgs/srv/StartTrajectory.lisp)
Linked: (/home/zf/catkin_ws/devel/.private/cartographer_ros_msgs/share/common-lisp/ros/cartographer_ros_msgs/srv/_package_WriteState.lisp, /home/zf/catkin_ws/devel/share/common-lisp/ros/cartographer_ros_msgs/srv/_package_WriteState.lisp)
Linked: (/home/zf/catkin_ws/devel/.private/cartographer_ros_msgs/share/common-lisp/ros/cartographer_ros_msgs/srv/FinishTrajectory.lisp, /home/zf/catkin_ws/devel/share/common-lisp/ros/cartographer_ros_msgs/srv/FinishTrajectory.lisp)
Linked: (/home/zf/catkin_ws/devel/.private/cartographer_ros_msgs/share/common-lisp/ros/cartographer_ros_msgs/srv/_package_GetTrajectoryStates.lisp, /home/zf/catkin_ws/devel/share/common-lisp/ros/cartographer_ros_msgs/srv/_package_GetTrajectoryStates.lisp)
Linked: (/home/zf/catkin_ws/devel/.private/cartographer_ros_msgs/share/common-lisp/ros/cartographer_ros_msgs/srv/cartographer_ros_msgs-srv.asd, /home/zf/catkin_ws/devel/share/common-lisp/ros/cartographer_ros_msgs/srv/cartographer_ros_msgs-srv.asd)
Linked: (/home/zf/catkin_ws/devel/.private/cartographer_ros_msgs/share/common-lisp/ros/cartographer_ros_msgs/srv/_package_TrajectoryQuery.lisp, /home/zf/catkin_ws/devel/share/common-lisp/ros/cartographer_ros_msgs/srv/_package_TrajectoryQuery.lisp)
Linked: (/home/zf/catkin_ws/devel/.private/cartographer_ros_msgs/share/common-lisp/ros/cartographer_ros_msgs/srv/GetTrajectoryStates.lisp, /home/zf/catkin_ws/devel/share/common-lisp/ros/cartographer_ros_msgs/srv/GetTrajectoryStates.lisp)
Linked: (/home/zf/catkin_ws/devel/.private/cartographer_ros_msgs/share/common-lisp/ros/cartographer_ros_msgs/srv/_package_SubmapQuery.lisp, /home/zf/catkin_ws/devel/share/common-lisp/ros/cartographer_ros_msgs/srv/_package_SubmapQuery.lisp)
Linked: (/home/zf/catkin_ws/devel/.private/cartographer_ros_msgs/share/common-lisp/ros/cartographer_ros_msgs/srv/TrajectoryQuery.lisp, /home/zf/catkin_ws/devel/share/common-lisp/ros/cartographer_ros_msgs/srv/TrajectoryQuery.lisp)
Linked: (/home/zf/catkin_ws/devel/.private/cartographer_ros_msgs/share/common-lisp/ros/cartographer_ros_msgs/srv/ReadMetrics.lisp, /home/zf/catkin_ws/devel/share/common-lisp/ros/cartographer_ros_msgs/srv/ReadMetrics.lisp)
Linked: (/home/zf/catkin_ws/devel/.private/cartographer_ros_msgs/share/common-lisp/ros/cartographer_ros_msgs/srv/_package_FinishTrajectory.lisp, /home/zf/catkin_ws/devel/share/common-lisp/ros/cartographer_ros_msgs/srv/_package_FinishTrajectory.lisp)
Linked: (/home/zf/catkin_ws/devel/.private/cartographer_ros_msgs/share/common-lisp/ros/cartographer_ros_msgs/srv/_package_StartTrajectory.lisp, /home/zf/catkin_ws/devel/share/common-lisp/ros/cartographer_ros_msgs/srv/_package_StartTrajectory.lisp)
Linked: (/home/zf/catkin_ws/devel/.private/cartographer_ros_msgs/share/common-lisp/ros/cartographer_ros_msgs/srv/WriteState.lisp, /home/zf/catkin_ws/devel/share/common-lisp/ros/cartographer_ros_msgs/srv/WriteState.lisp)
Linked: (/home/zf/catkin_ws/devel/.private/cartographer_ros_msgs/lib/python3/dist-packages/cartographer_ros_msgs/__init__.py, /home/zf/catkin_ws/devel/lib/python3/dist-packages/cartographer_ros_msgs/__init__.py)
Linked: (/home/zf/catkin_ws/devel/.private/cartographer_ros_msgs/lib/python3/dist-packages/cartographer_ros_msgs/msg/_SubmapTexture.py, /home/zf/catkin_ws/devel/lib/python3/dist-packages/cartographer_ros_msgs/msg/_SubmapTexture.py)
Linked: (/home/zf/catkin_ws/devel/.private/cartographer_ros_msgs/lib/python3/dist-packages/cartographer_ros_msgs/msg/_TrajectoryStates.py, /home/zf/catkin_ws/devel/lib/python3/dist-packages/cartographer_ros_msgs/msg/_TrajectoryStates.py)
Linked: (/home/zf/catkin_ws/devel/.private/cartographer_ros_msgs/lib/python3/dist-packages/cartographer_ros_msgs/msg/_Metric.py, /home/zf/catkin_ws/devel/lib/python3/dist-packages/cartographer_ros_msgs/msg/_Metric.py)
Linked: (/home/zf/catkin_ws/devel/.private/cartographer_ros_msgs/lib/python3/dist-packages/cartographer_ros_msgs/msg/_SubmapList.py, /home/zf/catkin_ws/devel/lib/python3/dist-packages/cartographer_ros_msgs/msg/_SubmapList.py)
Linked: (/home/zf/catkin_ws/devel/.private/cartographer_ros_msgs/lib/python3/dist-packages/cartographer_ros_msgs/msg/_MetricLabel.py, /home/zf/catkin_ws/devel/lib/python3/dist-packages/cartographer_ros_msgs/msg/_MetricLabel.py)
Linked: (/home/zf/catkin_ws/devel/.private/cartographer_ros_msgs/lib/python3/dist-packages/cartographer_ros_msgs/msg/_StatusCode.py, /home/zf/catkin_ws/devel/lib/python3/dist-packages/cartographer_ros_msgs/msg/_StatusCode.py)
Linked: (/home/zf/catkin_ws/devel/.private/cartographer_ros_msgs/lib/python3/dist-packages/cartographer_ros_msgs/msg/_StatusResponse.py, /home/zf/catkin_ws/devel/lib/python3/dist-packages/cartographer_ros_msgs/msg/_StatusResponse.py)
Linked: (/home/zf/catkin_ws/devel/.private/cartographer_ros_msgs/lib/python3/dist-packages/cartographer_ros_msgs/msg/_LandmarkList.py, /home/zf/catkin_ws/devel/lib/python3/dist-packages/cartographer_ros_msgs/msg/_LandmarkList.py)
Linked: (/home/zf/catkin_ws/devel/.private/cartographer_ros_msgs/lib/python3/dist-packages/cartographer_ros_msgs/msg/_SubmapEntry.py, /home/zf/catkin_ws/devel/lib/python3/dist-packages/cartographer_ros_msgs/msg/_SubmapEntry.py)
Linked: (/home/zf/catkin_ws/devel/.private/cartographer_ros_msgs/lib/python3/dist-packages/cartographer_ros_msgs/msg/_MetricFamily.py, /home/zf/catkin_ws/devel/lib/python3/dist-packages/cartographer_ros_msgs/msg/_MetricFamily.py)
Linked: (/home/zf/catkin_ws/devel/.private/cartographer_ros_msgs/lib/python3/dist-packages/cartographer_ros_msgs/msg/__init__.py, /home/zf/catkin_ws/devel/lib/python3/dist-packages/cartographer_ros_msgs/msg/__init__.py)
Linked: (/home/zf/catkin_ws/devel/.private/cartographer_ros_msgs/lib/python3/dist-packages/cartographer_ros_msgs/msg/_LandmarkEntry.py, /home/zf/catkin_ws/devel/lib/python3/dist-packages/cartographer_ros_msgs/msg/_LandmarkEntry.py)
Linked: (/home/zf/catkin_ws/devel/.private/cartographer_ros_msgs/lib/python3/dist-packages/cartographer_ros_msgs/msg/_HistogramBucket.py, /home/zf/catkin_ws/devel/lib/python3/dist-packages/cartographer_ros_msgs/msg/_HistogramBucket.py)
Linked: (/home/zf/catkin_ws/devel/.private/cartographer_ros_msgs/lib/python3/dist-packages/cartographer_ros_msgs/msg/_BagfileProgress.py, /home/zf/catkin_ws/devel/lib/python3/dist-packages/cartographer_ros_msgs/msg/_BagfileProgress.py)
Linked: (/home/zf/catkin_ws/devel/.private/cartographer_ros_msgs/lib/python3/dist-packages/cartographer_ros_msgs/srv/_FinishTrajectory.py, /home/zf/catkin_ws/devel/lib/python3/dist-packages/cartographer_ros_msgs/srv/_FinishTrajectory.py)
Linked: (/home/zf/catkin_ws/devel/.private/cartographer_ros_msgs/lib/python3/dist-packages/cartographer_ros_msgs/srv/_GetTrajectoryStates.py, /home/zf/catkin_ws/devel/lib/python3/dist-packages/cartographer_ros_msgs/srv/_GetTrajectoryStates.py)
Linked: (/home/zf/catkin_ws/devel/.private/cartographer_ros_msgs/lib/python3/dist-packages/cartographer_ros_msgs/srv/_TrajectoryQuery.py, /home/zf/catkin_ws/devel/lib/python3/dist-packages/cartographer_ros_msgs/srv/_TrajectoryQuery.py)
Linked: (/home/zf/catkin_ws/devel/.private/cartographer_ros_msgs/lib/python3/dist-packages/cartographer_ros_msgs/srv/_SubmapQuery.py, /home/zf/catkin_ws/devel/lib/python3/dist-packages/cartographer_ros_msgs/srv/_SubmapQuery.py)
Linked: (/home/zf/catkin_ws/devel/.private/cartographer_ros_msgs/lib/python3/dist-packages/cartographer_ros_msgs/srv/__init__.py, /home/zf/catkin_ws/devel/lib/python3/dist-packages/cartographer_ros_msgs/srv/__init__.py)
Linked: (/home/zf/catkin_ws/devel/.private/cartographer_ros_msgs/lib/python3/dist-packages/cartographer_ros_msgs/srv/_WriteState.py, /home/zf/catkin_ws/devel/lib/python3/dist-packages/cartographer_ros_msgs/srv/_WriteState.py)
Linked: (/home/zf/catkin_ws/devel/.private/cartographer_ros_msgs/lib/python3/dist-packages/cartographer_ros_msgs/srv/_StartTrajectory.py, /home/zf/catkin_ws/devel/lib/python3/dist-packages/cartographer_ros_msgs/srv/_StartTrajectory.py)
Linked: (/home/zf/catkin_ws/devel/.private/cartographer_ros_msgs/lib/python3/dist-packages/cartographer_ros_msgs/srv/_ReadMetrics.py, /home/zf/catkin_ws/devel/lib/python3/dist-packages/cartographer_ros_msgs/srv/_ReadMetrics.py)
Linked: (/home/zf/catkin_ws/devel/.private/cartographer_ros_msgs/lib/pkgconfig/cartographer_ros_msgs.pc, /home/zf/catkin_ws/devel/lib/pkgconfig/cartographer_ros_msgs.pc)
Linked: (/home/zf/catkin_ws/devel/.private/cartographer_ros_msgs/include/cartographer_ros_msgs/SubmapQueryRequest.h, /home/zf/catkin_ws/devel/include/cartographer_ros_msgs/SubmapQueryRequest.h)
Linked: (/home/zf/catkin_ws/devel/.private/cartographer_ros_msgs/include/cartographer_ros_msgs/ReadMetricsResponse.h, /home/zf/catkin_ws/devel/include/cartographer_ros_msgs/ReadMetricsResponse.h)
Linked: (/home/zf/catkin_ws/devel/.private/cartographer_ros_msgs/include/cartographer_ros_msgs/StartTrajectoryResponse.h, /home/zf/catkin_ws/devel/include/cartographer_ros_msgs/StartTrajectoryResponse.h)
Linked: (/home/zf/catkin_ws/devel/.private/cartographer_ros_msgs/include/cartographer_ros_msgs/TrajectoryStates.h, /home/zf/catkin_ws/devel/include/cartographer_ros_msgs/TrajectoryStates.h)
Linked: (/home/zf/catkin_ws/devel/.private/cartographer_ros_msgs/include/cartographer_ros_msgs/GetTrajectoryStatesResponse.h, /home/zf/catkin_ws/devel/include/cartographer_ros_msgs/GetTrajectoryStatesResponse.h)
Linked: (/home/zf/catkin_ws/devel/.private/cartographer_ros_msgs/include/cartographer_ros_msgs/StatusResponse.h, /home/zf/catkin_ws/devel/include/cartographer_ros_msgs/StatusResponse.h)
Linked: (/home/zf/catkin_ws/devel/.private/cartographer_ros_msgs/include/cartographer_ros_msgs/WriteState.h, /home/zf/catkin_ws/devel/include/cartographer_ros_msgs/WriteState.h)
Linked: (/home/zf/catkin_ws/devel/.private/cartographer_ros_msgs/include/cartographer_ros_msgs/ReadMetrics.h, /home/zf/catkin_ws/devel/include/cartographer_ros_msgs/ReadMetrics.h)
Linked: (/home/zf/catkin_ws/devel/.private/cartographer_ros_msgs/include/cartographer_ros_msgs/WriteStateRequest.h, /home/zf/catkin_ws/devel/include/cartographer_ros_msgs/WriteStateRequest.h)
Linked: (/home/zf/catkin_ws/devel/.private/cartographer_ros_msgs/include/cartographer_ros_msgs/StartTrajectoryRequest.h, /home/zf/catkin_ws/devel/include/cartographer_ros_msgs/StartTrajectoryRequest.h)
Linked: (/home/zf/catkin_ws/devel/.private/cartographer_ros_msgs/include/cartographer_ros_msgs/SubmapEntry.h, /home/zf/catkin_ws/devel/include/cartographer_ros_msgs/SubmapEntry.h)
Linked: (/home/zf/catkin_ws/devel/.private/cartographer_ros_msgs/include/cartographer_ros_msgs/SubmapTexture.h, /home/zf/catkin_ws/devel/include/cartographer_ros_msgs/SubmapTexture.h)
Linked: (/home/zf/catkin_ws/devel/.private/cartographer_ros_msgs/include/cartographer_ros_msgs/ReadMetricsRequest.h, /home/zf/catkin_ws/devel/include/cartographer_ros_msgs/ReadMetricsRequest.h)
Linked: (/home/zf/catkin_ws/devel/.private/cartographer_ros_msgs/include/cartographer_ros_msgs/WriteStateResponse.h, /home/zf/catkin_ws/devel/include/cartographer_ros_msgs/WriteStateResponse.h)
Linked: (/home/zf/catkin_ws/devel/.private/cartographer_ros_msgs/include/cartographer_ros_msgs/TrajectoryQuery.h, /home/zf/catkin_ws/devel/include/cartographer_ros_msgs/TrajectoryQuery.h)
Linked: (/home/zf/catkin_ws/devel/.private/cartographer_ros_msgs/include/cartographer_ros_msgs/SubmapQuery.h, /home/zf/catkin_ws/devel/include/cartographer_ros_msgs/SubmapQuery.h)
Linked: (/home/zf/catkin_ws/devel/.private/cartographer_ros_msgs/include/cartographer_ros_msgs/HistogramBucket.h, /home/zf/catkin_ws/devel/include/cartographer_ros_msgs/HistogramBucket.h)
Linked: (/home/zf/catkin_ws/devel/.private/cartographer_ros_msgs/include/cartographer_ros_msgs/StatusCode.h, /home/zf/catkin_ws/devel/include/cartographer_ros_msgs/StatusCode.h)
Linked: (/home/zf/catkin_ws/devel/.private/cartographer_ros_msgs/include/cartographer_ros_msgs/GetTrajectoryStates.h, /home/zf/catkin_ws/devel/include/cartographer_ros_msgs/GetTrajectoryStates.h)
Linked: (/home/zf/catkin_ws/devel/.private/cartographer_ros_msgs/include/cartographer_ros_msgs/StartTrajectory.h, /home/zf/catkin_ws/devel/include/cartographer_ros_msgs/StartTrajectory.h)
Linked: (/home/zf/catkin_ws/devel/.private/cartographer_ros_msgs/include/cartographer_ros_msgs/SubmapQueryResponse.h, /home/zf/catkin_ws/devel/include/cartographer_ros_msgs/SubmapQueryResponse.h)
Linked: (/home/zf/catkin_ws/devel/.private/cartographer_ros_msgs/include/cartographer_ros_msgs/MetricLabel.h, /home/zf/catkin_ws/devel/include/cartographer_ros_msgs/MetricLabel.h)
Linked: (/home/zf/catkin_ws/devel/.private/cartographer_ros_msgs/include/cartographer_ros_msgs/FinishTrajectory.h, /home/zf/catkin_ws/devel/include/cartographer_ros_msgs/FinishTrajectory.h)
Linked: (/home/zf/catkin_ws/devel/.private/cartographer_ros_msgs/include/cartographer_ros_msgs/LandmarkEntry.h, /home/zf/catkin_ws/devel/include/cartographer_ros_msgs/LandmarkEntry.h)
Linked: (/home/zf/catkin_ws/devel/.private/cartographer_ros_msgs/include/cartographer_ros_msgs/MetricFamily.h, /home/zf/catkin_ws/devel/include/cartographer_ros_msgs/MetricFamily.h)
Linked: (/home/zf/catkin_ws/devel/.private/cartographer_ros_msgs/include/cartographer_ros_msgs/GetTrajectoryStatesRequest.h, /home/zf/catkin_ws/devel/include/cartographer_ros_msgs/GetTrajectoryStatesRequest.h)
Linked: (/home/zf/catkin_ws/devel/.private/cartographer_ros_msgs/include/cartographer_ros_msgs/Metric.h, /home/zf/catkin_ws/devel/include/cartographer_ros_msgs/Metric.h)
Linked: (/home/zf/catkin_ws/devel/.private/cartographer_ros_msgs/include/cartographer_ros_msgs/LandmarkList.h, /home/zf/catkin_ws/devel/include/cartographer_ros_msgs/LandmarkList.h)
Linked: (/home/zf/catkin_ws/devel/.private/cartographer_ros_msgs/include/cartographer_ros_msgs/TrajectoryQueryRequest.h, /home/zf/catkin_ws/devel/include/cartographer_ros_msgs/TrajectoryQueryRequest.h)
Linked: (/home/zf/catkin_ws/devel/.private/cartographer_ros_msgs/include/cartographer_ros_msgs/SubmapList.h, /home/zf/catkin_ws/devel/include/cartographer_ros_msgs/SubmapList.h)
Linked: (/home/zf/catkin_ws/devel/.private/cartographer_ros_msgs/include/cartographer_ros_msgs/BagfileProgress.h, /home/zf/catkin_ws/devel/include/cartographer_ros_msgs/BagfileProgress.h)
Linked: (/home/zf/catkin_ws/devel/.private/cartographer_ros_msgs/include/cartographer_ros_msgs/TrajectoryQueryResponse.h, /home/zf/catkin_ws/devel/include/cartographer_ros_msgs/TrajectoryQueryResponse.h)
Linked: (/home/zf/catkin_ws/devel/.private/cartographer_ros_msgs/include/cartographer_ros_msgs/FinishTrajectoryRequest.h, /home/zf/catkin_ws/devel/include/cartographer_ros_msgs/FinishTrajectoryRequest.h)
Linked: (/home/zf/catkin_ws/devel/.private/cartographer_ros_msgs/include/cartographer_ros_msgs/FinishTrajectoryResponse.h, /home/zf/catkin_ws/devel/include/cartographer_ros_msgs/FinishTrajectoryResponse.h)
