Scanning dependencies of target nodelet_generate_messages_py
Scanning dependencies of target nodelet_generate_messages_nodejs
Scanning dependencies of target tf2_msgs_generate_messages_cpp
Scanning dependencies of target bond_generate_messages_nodejs
Scanning dependencies of target std_srvs_generate_messages_nodejs
Scanning dependencies of target pcl_msgs_generate_messages_lisp
Scanning dependencies of target pcl_msgs_generate_messages_eus
Scanning dependencies of target pcl_msgs_generate_messages_py
Scanning dependencies of target rosgraph_msgs_generate_messages_nodejs
Scanning dependencies of target nodelet_generate_messages_eus
Scanning dependencies of target rosgraph_msgs_generate_messages_eus
Scanning dependencies of target pcl_msgs_generate_messages_nodejs
Scanning dependencies of target pcl_ros_gencfg
Scanning dependencies of target rosgraph_msgs_generate_messages_cpp
Scanning dependencies of target actionlib_generate_messages_eus
Scanning dependencies of target geometry_msgs_generate_messages_nodejs
Scanning dependencies of target roscpp_generate_messages_eus
[  0%] Built target nodelet_generate_messages_py
[  0%] Built target nodelet_generate_messages_nodejs
[  0%] Built target std_srvs_generate_messages_nodejs
[  0%] Built target bond_generate_messages_nodejs
Scanning dependencies of target dynamic_reconfigure_generate_messages_eus
Scanning dependencies of target roscpp_generate_messages_nodejs
[  0%] Built target tf2_msgs_generate_messages_cpp
[  0%] Built target pcl_msgs_generate_messages_eus
[  0%] Built target pcl_msgs_generate_messages_lisp
[  0%] Built target pcl_ros_gencfg
Scanning dependencies of target geometry_msgs_generate_messages_cpp
[  0%] Built target pcl_msgs_generate_messages_nodejs
[  0%] Built target nodelet_generate_messages_eus
[  0%] Built target rosgraph_msgs_generate_messages_nodejs
[  0%] Built target rosgraph_msgs_generate_messages_cpp
[  0%] Built target geometry_msgs_generate_messages_nodejs
[  0%] Built target actionlib_generate_messages_eus
[  0%] Built target roscpp_generate_messages_eus
[  0%] Built target rosgraph_msgs_generate_messages_eus
[  0%] Built target dynamic_reconfigure_generate_messages_eus
Scanning dependencies of target actionlib_msgs_generate_messages_py
Scanning dependencies of target rosgraph_msgs_generate_messages_py
Scanning dependencies of target visualization_msgs_generate_messages_eus
Scanning dependencies of target visualization_msgs_generate_messages_nodejs
Scanning dependencies of target rosgraph_msgs_generate_messages_lisp
Scanning dependencies of target ar_track_alvar_msgs_generate_messages_lisp
Scanning dependencies of target dynamic_reconfigure_generate_messages_cpp
Scanning dependencies of target std_srvs_generate_messages_cpp
[  0%] Built target pcl_msgs_generate_messages_py
Scanning dependencies of target nodelet_generate_messages_lisp
Scanning dependencies of target dynamic_reconfigure_generate_messages_py
Scanning dependencies of target std_msgs_generate_messages_lisp
Scanning dependencies of target actionlib_msgs_generate_messages_eus
[  0%] Built target geometry_msgs_generate_messages_cpp
Scanning dependencies of target std_msgs_generate_messages_nodejs
Scanning dependencies of target ar_track_alvar_msgs_generate_messages_eus
Scanning dependencies of target geometry_msgs_generate_messages_lisp
Scanning dependencies of target tf_generate_messages_py
Scanning dependencies of target ar_track_alvar_msgs_generate_messages_py
[  0%] Built target roscpp_generate_messages_nodejs
[  0%] Built target visualization_msgs_generate_messages_eus
[  0%] Built target actionlib_msgs_generate_messages_eus
[  0%] Built target std_srvs_generate_messages_cpp
[  0%] Built target rosgraph_msgs_generate_messages_lisp
[  0%] Built target visualization_msgs_generate_messages_nodejs
[  0%] Built target actionlib_msgs_generate_messages_py
[  0%] Built target rosgraph_msgs_generate_messages_py
[  0%] Built target dynamic_reconfigure_generate_messages_cpp
[  0%] Built target nodelet_generate_messages_lisp
[  0%] Built target ar_track_alvar_msgs_generate_messages_lisp
[  0%] Built target dynamic_reconfigure_generate_messages_py
[  0%] Built target std_msgs_generate_messages_lisp
[  0%] Built target geometry_msgs_generate_messages_lisp
Scanning dependencies of target actionlib_msgs_generate_messages_lisp
[  0%] Built target ar_track_alvar_msgs_generate_messages_py
[  0%] Built target std_msgs_generate_messages_nodejs
Scanning dependencies of target ar_track_alvar_msgs_generate_messages_nodejs
[  0%] Built target ar_track_alvar_msgs_generate_messages_eus
[  0%] Built target tf_generate_messages_py
Scanning dependencies of target actionlib_msgs_generate_messages_nodejs
Scanning dependencies of target tf_generate_messages_eus
Scanning dependencies of target ar_track_alvar_msgs_generate_messages_cpp
Scanning dependencies of target sensor_msgs_generate_messages_py
Scanning dependencies of target tf2_msgs_generate_messages_eus
Scanning dependencies of target bond_generate_messages_lisp
Scanning dependencies of target geometry_msgs_generate_messages_py
Scanning dependencies of target visualization_msgs_generate_messages_cpp
Scanning dependencies of target dynamic_reconfigure_generate_messages_nodejs
[  0%] Built target actionlib_msgs_generate_messages_lisp
Scanning dependencies of target sensor_msgs_generate_messages_nodejs
Scanning dependencies of target bond_generate_messages_cpp
Scanning dependencies of target tf2_msgs_generate_messages_py
[  0%] Built target ar_track_alvar_msgs_generate_messages_nodejs
Scanning dependencies of target geometry_msgs_generate_messages_eus
Scanning dependencies of target nodelet_topic_tools_gencfg
Scanning dependencies of target roscpp_generate_messages_py
[  0%] Built target actionlib_msgs_generate_messages_nodejs
[  2%] Generating dynamic reconfigure files from cfg/Params.cfg: /home/zf/catkin_ws/devel/.private/ar_track_alvar/include/ar_track_alvar/ParamsConfig.h /home/zf/catkin_ws/devel/.private/ar_track_alvar/lib/python3/dist-packages/ar_track_alvar/cfg/ParamsConfig.py
[  2%] Built target sensor_msgs_generate_messages_py
Scanning dependencies of target bond_generate_messages_eus
[  2%] Built target tf2_msgs_generate_messages_eus
[  2%] Built target bond_generate_messages_lisp
[  2%] Built target geometry_msgs_generate_messages_py
[  2%] Built target tf_generate_messages_eus
[  2%] Built target visualization_msgs_generate_messages_cpp
[  2%] Built target bond_generate_messages_cpp
[  2%] Built target tf2_msgs_generate_messages_py
Scanning dependencies of target std_msgs_generate_messages_py
[  2%] Built target geometry_msgs_generate_messages_eus
[  2%] Built target sensor_msgs_generate_messages_nodejs
[  2%] Built target ar_track_alvar_msgs_generate_messages_cpp
[  2%] Built target roscpp_generate_messages_py
[  2%] Built target nodelet_topic_tools_gencfg
[  2%] Built target dynamic_reconfigure_generate_messages_nodejs
Scanning dependencies of target sensor_msgs_generate_messages_cpp
Scanning dependencies of target dynamic_reconfigure_gencfg
Scanning dependencies of target pcl_msgs_generate_messages_cpp
[  2%] Built target bond_generate_messages_eus
Scanning dependencies of target sensor_msgs_generate_messages_eus
Scanning dependencies of target dynamic_reconfigure_generate_messages_lisp
Scanning dependencies of target topic_tools_generate_messages_eus
Scanning dependencies of target roscpp_generate_messages_cpp
Scanning dependencies of target std_msgs_generate_messages_eus
Scanning dependencies of target topic_tools_generate_messages_cpp
[  2%] Built target std_msgs_generate_messages_py
Scanning dependencies of target std_srvs_generate_messages_eus
Scanning dependencies of target std_srvs_generate_messages_lisp
Scanning dependencies of target roscpp_generate_messages_lisp
Scanning dependencies of target visualization_msgs_generate_messages_py
Scanning dependencies of target tf_generate_messages_cpp
Scanning dependencies of target topic_tools_generate_messages_lisp
Scanning dependencies of target topic_tools_generate_messages_nodejs
[  2%] Built target sensor_msgs_generate_messages_cpp
[  2%] Built target tf_generate_messages_cpp
[  2%] Built target sensor_msgs_generate_messages_eus
[  2%] Built target dynamic_reconfigure_gencfg
[  2%] Built target dynamic_reconfigure_generate_messages_lisp
[  2%] Built target roscpp_generate_messages_cpp
[  2%] Built target pcl_msgs_generate_messages_cpp
[  2%] Built target topic_tools_generate_messages_eus
[  2%] Built target std_srvs_generate_messages_eus
[  2%] Built target std_msgs_generate_messages_eus
[  2%] Built target roscpp_generate_messages_lisp
[  2%] Built target topic_tools_generate_messages_cpp
[  2%] Built target std_srvs_generate_messages_lisp
Scanning dependencies of target tf_generate_messages_lisp
[  2%] Built target visualization_msgs_generate_messages_py
Generating reconfiguration files for Params in ar_track_alvar
[  2%] Built target topic_tools_generate_messages_lisp
Wrote header file in /home/zf/catkin_ws/devel/.private/ar_track_alvar/include/ar_track_alvar/ParamsConfig.h
Scanning dependencies of target topic_tools_generate_messages_py
Scanning dependencies of target actionlib_generate_messages_lisp
Scanning dependencies of target tf_generate_messages_nodejs
[  2%] Built target topic_tools_generate_messages_nodejs
Scanning dependencies of target actionlib_generate_messages_cpp
Scanning dependencies of target actionlib_generate_messages_py
Scanning dependencies of target actionlib_msgs_generate_messages_cpp
Scanning dependencies of target std_srvs_generate_messages_py
[  2%] Built target tf_generate_messages_lisp
Scanning dependencies of target visualization_msgs_generate_messages_lisp
Scanning dependencies of target actionlib_generate_messages_nodejs
[  2%] Built target actionlib_generate_messages_lisp
Scanning dependencies of target sensor_msgs_generate_messages_lisp
Scanning dependencies of target tf2_msgs_generate_messages_lisp
Scanning dependencies of target nodelet_generate_messages_cpp
Scanning dependencies of target std_msgs_generate_messages_cpp
[  2%] Built target topic_tools_generate_messages_py
Scanning dependencies of target bond_generate_messages_py
Scanning dependencies of target tf2_msgs_generate_messages_nodejs
[  2%] Built target tf_generate_messages_nodejs
[  2%] Built target actionlib_generate_messages_cpp
[  2%] Built target actionlib_generate_messages_nodejs
[  2%] Built target actionlib_msgs_generate_messages_cpp
[  2%] Built target visualization_msgs_generate_messages_lisp
[  2%] Built target sensor_msgs_generate_messages_lisp
[  2%] Built target bond_generate_messages_py
[  2%] Built target actionlib_generate_messages_py
[  2%] Built target std_srvs_generate_messages_py
[  2%] Built target tf2_msgs_generate_messages_lisp
[  2%] Built target nodelet_generate_messages_cpp
[  2%] Built target std_msgs_generate_messages_cpp
[  2%] Built target tf2_msgs_generate_messages_nodejs
[  2%] Built target ar_track_alvar_gencfg
Scanning dependencies of target kinect_filtering
Scanning dependencies of target ar_track_alvar
[  4%] Building CXX object CMakeFiles/kinect_filtering.dir/src/kinect_filtering.cpp.o
[  6%] Building CXX object CMakeFiles/ar_track_alvar.dir/src/Bitset.cpp.o
[  8%] Building CXX object CMakeFiles/ar_track_alvar.dir/src/CaptureDevice.cpp.o
[ 10%] Building CXX object CMakeFiles/ar_track_alvar.dir/src/Camera.cpp.o
[ 12%] Building CXX object CMakeFiles/ar_track_alvar.dir/src/CvTestbed.cpp.o
[ 14%] Building CXX object CMakeFiles/ar_track_alvar.dir/src/Draw.cpp.o
[ 17%] Building CXX object CMakeFiles/ar_track_alvar.dir/src/CaptureFactory_unix.cpp.o
[ 19%] Building CXX object CMakeFiles/ar_track_alvar.dir/src/CaptureFactory.cpp.o
[ 23%] Building CXX object CMakeFiles/ar_track_alvar.dir/src/ConnectedComponents.cpp.o
[ 23%] Building CXX object CMakeFiles/ar_track_alvar.dir/src/DirectoryIterator.cpp.o
[ 25%] Building CXX object CMakeFiles/ar_track_alvar.dir/src/DirectoryIterator_unix.cpp.o
[ 29%] Building CXX object CMakeFiles/ar_track_alvar.dir/src/FileFormatUtils.cpp.o
[ 29%] Building CXX object CMakeFiles/ar_track_alvar.dir/src/Filter.cpp.o
[ 31%] Building CXX object CMakeFiles/ar_track_alvar.dir/src/Kalman.cpp.o
[ 34%] Building CXX object CMakeFiles/ar_track_alvar.dir/src/Line.cpp.o
[ 38%] Building CXX object CMakeFiles/ar_track_alvar.dir/src/MarkerDetector.cpp.o
[ 38%] Building CXX object CMakeFiles/ar_track_alvar.dir/src/Marker.cpp.o
[ 40%] Building CXX object CMakeFiles/ar_track_alvar.dir/src/MultiMarkerBundle.cpp.o
[ 42%] Building CXX object CMakeFiles/ar_track_alvar.dir/src/MultiMarker.cpp.o
[ 44%] Building CXX object CMakeFiles/ar_track_alvar.dir/src/MultiMarkerInitializer.cpp.o
[ 46%] Building CXX object CMakeFiles/ar_track_alvar.dir/src/Mutex.cpp.o
[ 48%] Building CXX object CMakeFiles/ar_track_alvar.dir/src/Mutex_unix.cpp.o
[ 51%] Building CXX object CMakeFiles/ar_track_alvar.dir/src/Optimization.cpp.o
[ 53%] Building CXX object CMakeFiles/ar_track_alvar.dir/src/Plugin.cpp.o
[ 55%] Building CXX object CMakeFiles/ar_track_alvar.dir/src/Plugin_unix.cpp.o
[ 57%] Building CXX object CMakeFiles/ar_track_alvar.dir/src/Pose.cpp.o
[ 59%] Building CXX object CMakeFiles/ar_track_alvar.dir/src/Rotation.cpp.o
[ 61%] Building CXX object CMakeFiles/ar_track_alvar.dir/src/Threads.cpp.o
[ 63%] Building CXX object CMakeFiles/ar_track_alvar.dir/src/Util.cpp.o
[ 65%] Building CXX object CMakeFiles/ar_track_alvar.dir/src/Threads_unix.cpp.o
[ 68%] Linking CXX shared library /home/zf/catkin_ws/devel/.private/ar_track_alvar/lib/libkinect_filtering.so
[ 68%] Built target kinect_filtering
[ 70%] Linking CXX shared library /home/zf/catkin_ws/devel/.private/ar_track_alvar/lib/libar_track_alvar.so
[ 70%] Built target ar_track_alvar
Scanning dependencies of target createMarker
Scanning dependencies of target trainMarkerBundle
Scanning dependencies of target individualMarkersNoKinect
Scanning dependencies of target medianFilter
Scanning dependencies of target individualMarkers
Scanning dependencies of target findMarkerBundlesNoKinect
[ 72%] Building CXX object CMakeFiles/medianFilter.dir/src/medianFilter.cpp.o
[ 74%] Building CXX object CMakeFiles/createMarker.dir/src/SampleMarkerCreator.cpp.o
[ 76%] Building CXX object CMakeFiles/individualMarkers.dir/nodes/IndividualMarkers.cpp.o
[ 78%] Building CXX object CMakeFiles/individualMarkersNoKinect.dir/nodes/IndividualMarkersNoKinect.cpp.o
[ 80%] Building CXX object CMakeFiles/findMarkerBundlesNoKinect.dir/nodes/FindMarkerBundlesNoKinect.cpp.o
[ 82%] Building CXX object CMakeFiles/trainMarkerBundle.dir/nodes/TrainMarkerBundle.cpp.o
[ 85%] Linking CXX shared library /home/zf/catkin_ws/devel/.private/ar_track_alvar/lib/libmedianFilter.so
[ 85%] Built target medianFilter
Scanning dependencies of target findMarkerBundles
[ 87%] Building CXX object CMakeFiles/findMarkerBundles.dir/nodes/FindMarkerBundles.cpp.o
[ 89%] Linking CXX executable /home/zf/catkin_ws/devel/.private/ar_track_alvar/lib/ar_track_alvar/createMarker
[ 89%] Built target createMarker
[ 91%] Linking CXX executable /home/zf/catkin_ws/devel/.private/ar_track_alvar/lib/ar_track_alvar/trainMarkerBundle
[ 93%] Linking CXX executable /home/zf/catkin_ws/devel/.private/ar_track_alvar/lib/ar_track_alvar/individualMarkersNoKinect
[ 93%] Built target trainMarkerBundle
[ 95%] Linking CXX executable /home/zf/catkin_ws/devel/.private/ar_track_alvar/lib/ar_track_alvar/findMarkerBundlesNoKinect
[ 97%] Linking CXX executable /home/zf/catkin_ws/devel/.private/ar_track_alvar/lib/ar_track_alvar/individualMarkers
[ 97%] Built target individualMarkersNoKinect
[ 97%] Built target findMarkerBundlesNoKinect
[ 97%] Built target individualMarkers
[100%] Linking CXX executable /home/zf/catkin_ws/devel/.private/ar_track_alvar/lib/ar_track_alvar/findMarkerBundles
[100%] Built target findMarkerBundles
