[  1%] Generating /home/zf/catkin_ws/devel/.private/fkie_multimaster_msgs/lib/python3/dist-packages/fkie_multimaster_msgs/grpc/launch_pb2.py
[  2%] Generating /home/zf/catkin_ws/devel/.private/fkie_multimaster_msgs/lib/python3/dist-packages/fkie_multimaster_msgs/grpc/file_pb2.py
[  3%] Generating /home/zf/catkin_ws/devel/.private/fkie_multimaster_msgs/lib/python3/dist-packages/fkie_multimaster_msgs/grpc/version_pb2.py
[  5%] Generating /home/zf/catkin_ws/devel/.private/fkie_multimaster_msgs/lib/python3/dist-packages/fkie_multimaster_msgs/grpc/monitor_pb2.py
[  5%] Built target std_msgs_generate_messages_lisp
[  5%] Built target _fkie_multimaster_msgs_generate_messages_check_deps_LinkState
[  5%] Built target _fkie_multimaster_msgs_generate_messages_check_deps_LoadLaunch
[  6%] Generating /home/zf/catkin_ws/devel/.private/fkie_multimaster_msgs/lib/python3/dist-packages/fkie_multimaster_msgs/grpc/screen_pb2.py
[  6%] Built target _fkie_multimaster_msgs_generate_messages_check_deps_LinkStatesStamped
[  6%] Built target _fkie_multimaster_msgs_generate_messages_check_deps_MasterState
[  7%] Generating /home/zf/catkin_ws/devel/.private/fkie_multimaster_msgs/lib/python3/dist-packages/fkie_multimaster_msgs/grpc/settings_pb2.py
[  7%] Built target _fkie_multimaster_msgs_generate_messages_check_deps_Task
[  7%] Built target _fkie_multimaster_msgs_generate_messages_check_deps_SyncMasterInfo
[  7%] Built target _fkie_multimaster_msgs_generate_messages_check_deps_SyncServiceInfo
[  7%] Built target _fkie_multimaster_msgs_generate_messages_check_deps_SyncTopicInfo
[  7%] Built target _fkie_multimaster_msgs_generate_messages_check_deps_DiscoverMasters
[  8%] Generating /home/zf/catkin_ws/devel/.private/fkie_multimaster_msgs/lib/python3/dist-packages/fkie_multimaster_msgs/grpc/launch_pb2_grpc.py
[ 10%] Generating /home/zf/catkin_ws/devel/.private/fkie_multimaster_msgs/lib/python3/dist-packages/fkie_multimaster_msgs/grpc/version_pb2_grpc.py
[ 10%] Built target _fkie_multimaster_msgs_generate_messages_check_deps_GetSyncInfo
[ 10%] Built target std_msgs_generate_messages_py
[ 10%] Built target std_msgs_generate_messages_eus
[ 10%] Built target _fkie_multimaster_msgs_generate_messages_check_deps_ROSMaster
[ 11%] Generating /home/zf/catkin_ws/devel/.private/fkie_multimaster_msgs/lib/python3/dist-packages/fkie_multimaster_msgs/grpc/file_pb2_grpc.py
[ 12%] Generating /home/zf/catkin_ws/devel/.private/fkie_multimaster_msgs/lib/python3/dist-packages/fkie_multimaster_msgs/grpc/monitor_pb2_grpc.py
[ 12%] Built target std_msgs_generate_messages_cpp
[ 12%] Built target std_msgs_generate_messages_nodejs
[ 14%] Generating /home/zf/catkin_ws/devel/.private/fkie_multimaster_msgs/lib/python3/dist-packages/fkie_multimaster_msgs/grpc/screen_pb2_grpc.py
[ 28%] Built target fkie_multimaster_msgs_generate_messages_lisp
[ 44%] Built target fkie_multimaster_msgs_generate_messages_py
[ 60%] Built target fkie_multimaster_msgs_generate_messages_eus
[ 74%] Built target fkie_multimaster_msgs_generate_messages_nodejs
[ 88%] Built target fkie_multimaster_msgs_generate_messages_cpp
Scanning dependencies of target fkie_multimaster_msgs_generate_messages
[ 88%] Built target fkie_multimaster_msgs_generate_messages
[ 89%] Generating /home/zf/catkin_ws/devel/.private/fkie_multimaster_msgs/lib/python3/dist-packages/fkie_multimaster_msgs/grpc/settings_pb2_grpc.py
[ 91%] Create '__init__.py' for generated gRPC module
[100%] Built target fkie_multimaster_msgs_GRPC
