Scanning dependencies of target _fkie_multimaster_msgs_generate_messages_check_deps_LinkState
Scanning dependencies of target fkie_multimaster_msgs_GRPC
Scanning dependencies of target _fkie_multimaster_msgs_generate_messages_check_deps_LoadLaunch
Scanning dependencies of target _fkie_multimaster_msgs_generate_messages_check_deps_LinkStatesStamped
Scanning dependencies of target _fkie_multimaster_msgs_generate_messages_check_deps_MasterState
Scanning dependencies of target _fkie_multimaster_msgs_generate_messages_check_deps_ROSMaster
Scanning dependencies of target std_msgs_generate_messages_nodejs
Scanning dependencies of target std_msgs_generate_messages_lisp
Scanning dependencies of target _fkie_multimaster_msgs_generate_messages_check_deps_Task
Scanning dependencies of target _fkie_multimaster_msgs_generate_messages_check_deps_SyncMasterInfo
Scanning dependencies of target std_msgs_generate_messages_cpp
Scanning dependencies of target _fkie_multimaster_msgs_generate_messages_check_deps_SyncServiceInfo
Scanning dependencies of target _fkie_multimaster_msgs_generate_messages_check_deps_GetSyncInfo
Scanning dependencies of target _fkie_multimaster_msgs_generate_messages_check_deps_DiscoverMasters
Scanning dependencies of target std_msgs_generate_messages_eus
[  1%] Generating /home/zf/catkin_ws/devel/.private/fkie_multimaster_msgs/lib/python3/dist-packages/fkie_multimaster_msgs/grpc/version.proto
[  2%] Generating /home/zf/catkin_ws/devel/.private/fkie_multimaster_msgs/lib/python3/dist-packages/fkie_multimaster_msgs/grpc/file.proto
[  3%] create directory for generated gRPC code: /home/zf/catkin_ws/src/multimaster_fkie/fkie_multimaster_msgs
Scanning dependencies of target std_msgs_generate_messages_py
Scanning dependencies of target _fkie_multimaster_msgs_generate_messages_check_deps_SyncTopicInfo
[  3%] Built target std_msgs_generate_messages_lisp
[  3%] Built target std_msgs_generate_messages_nodejs
[  3%] Built target std_msgs_generate_messages_cpp
[  3%] Built target std_msgs_generate_messages_eus
[  3%] Built target std_msgs_generate_messages_py
[  5%] Generating /home/zf/catkin_ws/devel/.private/fkie_multimaster_msgs/lib/python3/dist-packages/fkie_multimaster_msgs/grpc/launch.proto
[  6%] Generating /home/zf/catkin_ws/devel/.private/fkie_multimaster_msgs/lib/python3/dist-packages/fkie_multimaster_msgs/grpc/screen.proto
[  7%] Generating /home/zf/catkin_ws/devel/.private/fkie_multimaster_msgs/lib/python3/dist-packages/fkie_multimaster_msgs/grpc/monitor.proto
[  8%] Generating /home/zf/catkin_ws/devel/.private/fkie_multimaster_msgs/lib/python3/dist-packages/fkie_multimaster_msgs/grpc/settings.proto
[ 10%] Generating /home/zf/catkin_ws/devel/.private/fkie_multimaster_msgs/lib/python3/dist-packages/fkie_multimaster_msgs/grpc/version_pb2.py
[ 11%] Generating /home/zf/catkin_ws/devel/.private/fkie_multimaster_msgs/lib/python3/dist-packages/fkie_multimaster_msgs/grpc/file_pb2.py
[ 12%] Generating /home/zf/catkin_ws/devel/.private/fkie_multimaster_msgs/lib/python3/dist-packages/fkie_multimaster_msgs/grpc/launch_pb2.py
[ 12%] Built target _fkie_multimaster_msgs_generate_messages_check_deps_LinkState
[ 14%] Generating /home/zf/catkin_ws/devel/.private/fkie_multimaster_msgs/lib/python3/dist-packages/fkie_multimaster_msgs/grpc/monitor_pb2.py
[ 15%] Generating /home/zf/catkin_ws/devel/.private/fkie_multimaster_msgs/lib/python3/dist-packages/fkie_multimaster_msgs/grpc/settings_pb2.py
[ 15%] Built target _fkie_multimaster_msgs_generate_messages_check_deps_LinkStatesStamped
[ 16%] Built target _fkie_multimaster_msgs_generate_messages_check_deps_ROSMaster
[ 16%] Generating /home/zf/catkin_ws/devel/.private/fkie_multimaster_msgs/lib/python3/dist-packages/fkie_multimaster_msgs/grpc/screen_pb2.py
[ 16%] Built target _fkie_multimaster_msgs_generate_messages_check_deps_GetSyncInfo
/usr/bin/python3: Error while finding module specification for 'grpc_tools.protoc' (ModuleNotFoundError: No module named 'grpc_tools')
[ 16%] Built target _fkie_multimaster_msgs_generate_messages_check_deps_MasterState
[ 16%] Built target _fkie_multimaster_msgs_generate_messages_check_deps_LoadLaunch
[ 16%] Built target _fkie_multimaster_msgs_generate_messages_check_deps_SyncServiceInfo
/usr/bin/python3: Error while finding module specification for 'grpc_tools.protoc' (ModuleNotFoundError: No module named 'grpc_tools')
make[2]: *** [CMakeFiles/fkie_multimaster_msgs_GRPC.dir/build.make:74：/home/zf/catkin_ws/devel/.private/fkie_multimaster_msgs/lib/python3/dist-packages/fkie_multimaster_msgs/grpc/file_pb2.py] 错误 1
make[2]: *** 正在等待未完成的任务....
[ 16%] Built target _fkie_multimaster_msgs_generate_messages_check_deps_DiscoverMasters
make[2]: *** [CMakeFiles/fkie_multimaster_msgs_GRPC.dir/build.make:129：/home/zf/catkin_ws/devel/.private/fkie_multimaster_msgs/lib/python3/dist-packages/fkie_multimaster_msgs/grpc/version_pb2.py] 错误 1
[ 16%] Built target _fkie_multimaster_msgs_generate_messages_check_deps_SyncMasterInfo
[ 16%] Built target _fkie_multimaster_msgs_generate_messages_check_deps_Task
[ 16%] Built target _fkie_multimaster_msgs_generate_messages_check_deps_SyncTopicInfo
/usr/bin/python3: Error while finding module specification for 'grpc_tools.protoc' (ModuleNotFoundError: No module named 'grpc_tools')
make[2]: *** [CMakeFiles/fkie_multimaster_msgs_GRPC.dir/build.make:85：/home/zf/catkin_ws/devel/.private/fkie_multimaster_msgs/lib/python3/dist-packages/fkie_multimaster_msgs/grpc/launch_pb2.py] 错误 1
/usr/bin/python3: Error while finding module specification for 'grpc_tools.protoc' (ModuleNotFoundError: No module named 'grpc_tools')
/usr/bin/python3: Error while finding module specification for 'grpc_tools.protoc' (ModuleNotFoundError: No module named 'grpc_tools')
/usr/bin/python3: Error while finding module specification for 'grpc_tools.protoc' (ModuleNotFoundError: No module named 'grpc_tools')
make[2]: *** [CMakeFiles/fkie_multimaster_msgs_GRPC.dir/build.make:96：/home/zf/catkin_ws/devel/.private/fkie_multimaster_msgs/lib/python3/dist-packages/fkie_multimaster_msgs/grpc/monitor_pb2.py] 错误 1
make[2]: *** [CMakeFiles/fkie_multimaster_msgs_GRPC.dir/build.make:118：/home/zf/catkin_ws/devel/.private/fkie_multimaster_msgs/lib/python3/dist-packages/fkie_multimaster_msgs/grpc/settings_pb2.py] 错误 1
Scanning dependencies of target fkie_multimaster_msgs_generate_messages_lisp
Scanning dependencies of target fkie_multimaster_msgs_generate_messages_py
Scanning dependencies of target fkie_multimaster_msgs_generate_messages_eus
Scanning dependencies of target fkie_multimaster_msgs_generate_messages_cpp
make[2]: *** [CMakeFiles/fkie_multimaster_msgs_GRPC.dir/build.make:107：/home/zf/catkin_ws/devel/.private/fkie_multimaster_msgs/lib/python3/dist-packages/fkie_multimaster_msgs/grpc/screen_pb2.py] 错误 1
make[1]: *** [CMakeFiles/Makefile2:169：CMakeFiles/fkie_multimaster_msgs_GRPC.dir/all] 错误 2
make[1]: *** 正在等待未完成的任务....
Scanning dependencies of target fkie_multimaster_msgs_generate_messages_nodejs
[ 17%] Generating EusLisp code from fkie_multimaster_msgs/LinkState.msg
[ 20%] Generating Lisp code from fkie_multimaster_msgs/LinkState.msg
[ 20%] Generating Lisp code from fkie_multimaster_msgs/LinkStatesStamped.msg
[ 21%] Generating Python from MSG fkie_multimaster_msgs/LinkState
[ 24%] Generating Python from MSG fkie_multimaster_msgs/MasterState
[ 24%] Generating Lisp code from fkie_multimaster_msgs/ROSMaster.msg
[ 25%] Generating C++ code from fkie_multimaster_msgs/MasterState.msg
[ 26%] Generating EusLisp code from fkie_multimaster_msgs/ROSMaster.msg
[ 29%] Generating Python from MSG fkie_multimaster_msgs/LinkStatesStamped
[ 30%] Generating C++ code from fkie_multimaster_msgs/LinkState.msg
[ 30%] Generating Lisp code from fkie_multimaster_msgs/MasterState.msg
[ 32%] Generating Lisp code from fkie_multimaster_msgs/SyncServiceInfo.msg
[ 33%] Generating Javascript code from fkie_multimaster_msgs/LinkState.msg
[ 35%] Generating EusLisp code from fkie_multimaster_msgs/MasterState.msg
[ 35%] Generating C++ code from fkie_multimaster_msgs/LinkStatesStamped.msg
[ 37%] Generating Lisp code from fkie_multimaster_msgs/SyncMasterInfo.msg
[ 38%] Generating EusLisp code from fkie_multimaster_msgs/LinkStatesStamped.msg
[ 39%] Generating Python from MSG fkie_multimaster_msgs/ROSMaster
[ 41%] Generating C++ code from fkie_multimaster_msgs/ROSMaster.msg
[ 43%] Generating Python from MSG fkie_multimaster_msgs/SyncMasterInfo
[ 43%] Generating C++ code from fkie_multimaster_msgs/SyncMasterInfo.msg
[ 44%] Generating Python from MSG fkie_multimaster_msgs/SyncServiceInfo
[ 46%] Generating Lisp code from fkie_multimaster_msgs/SyncTopicInfo.msg
[ 47%] Generating Javascript code from fkie_multimaster_msgs/LinkStatesStamped.msg
[ 48%] Generating Lisp code from fkie_multimaster_msgs/DiscoverMasters.srv
[ 50%] Generating EusLisp code from fkie_multimaster_msgs/SyncMasterInfo.msg
[ 51%] Generating C++ code from fkie_multimaster_msgs/SyncServiceInfo.msg
[ 52%] Generating Javascript code from fkie_multimaster_msgs/MasterState.msg
[ 53%] Generating EusLisp code from fkie_multimaster_msgs/SyncServiceInfo.msg
[ 55%] Generating Javascript code from fkie_multimaster_msgs/ROSMaster.msg
[ 56%] Generating Javascript code from fkie_multimaster_msgs/SyncMasterInfo.msg
[ 57%] Generating Javascript code from fkie_multimaster_msgs/SyncServiceInfo.msg
[ 58%] Generating Lisp code from fkie_multimaster_msgs/GetSyncInfo.srv
[ 60%] Generating EusLisp code from fkie_multimaster_msgs/SyncTopicInfo.msg
[ 61%] Generating C++ code from fkie_multimaster_msgs/SyncTopicInfo.msg
[ 62%] Generating Lisp code from fkie_multimaster_msgs/LoadLaunch.srv
[ 64%] Generating EusLisp code from fkie_multimaster_msgs/DiscoverMasters.srv
[ 65%] Generating EusLisp code from fkie_multimaster_msgs/GetSyncInfo.srv
[ 66%] Generating EusLisp code from fkie_multimaster_msgs/LoadLaunch.srv
[ 67%] Generating EusLisp code from fkie_multimaster_msgs/Task.srv
[ 69%] Generating Javascript code from fkie_multimaster_msgs/SyncTopicInfo.msg
[ 70%] Generating C++ code from fkie_multimaster_msgs/DiscoverMasters.srv
[ 71%] Generating Javascript code from fkie_multimaster_msgs/DiscoverMasters.srv
[ 73%] Generating Python from MSG fkie_multimaster_msgs/SyncTopicInfo
[ 74%] Generating Lisp code from fkie_multimaster_msgs/Task.srv
[ 75%] Generating Python code from SRV fkie_multimaster_msgs/DiscoverMasters
[ 76%] Generating C++ code from fkie_multimaster_msgs/GetSyncInfo.srv
[ 78%] Generating C++ code from fkie_multimaster_msgs/LoadLaunch.srv
[ 79%] Generating EusLisp manifest code for fkie_multimaster_msgs
[ 80%] Generating Javascript code from fkie_multimaster_msgs/GetSyncInfo.srv
[ 82%] Generating Javascript code from fkie_multimaster_msgs/LoadLaunch.srv
[ 83%] Generating C++ code from fkie_multimaster_msgs/Task.srv
[ 84%] Generating Python code from SRV fkie_multimaster_msgs/GetSyncInfo
[ 85%] Generating Python code from SRV fkie_multimaster_msgs/LoadLaunch
[ 87%] Generating Javascript code from fkie_multimaster_msgs/Task.srv
[ 88%] Generating Python code from SRV fkie_multimaster_msgs/Task
[ 88%] Built target fkie_multimaster_msgs_generate_messages_lisp
[ 88%] Built target fkie_multimaster_msgs_generate_messages_nodejs
[ 88%] Built target fkie_multimaster_msgs_generate_messages_cpp
[ 91%] Generating Python msg __init__.py for fkie_multimaster_msgs
[ 91%] Generating Python srv __init__.py for fkie_multimaster_msgs
[ 91%] Built target fkie_multimaster_msgs_generate_messages_eus
[ 91%] Built target fkie_multimaster_msgs_generate_messages_py
make: *** [Makefile:141：all] 错误 2
