Not searching for unused variables given on the command line.
[36m--[0m Build type: Release
[33m[1mCMake Warning[0m at /usr/src/googletest/googlemock/CMakeLists.txt:43 (project):
  VERSION keyword not followed by a value or was followed by a value that
  expanded to nothing.


[33m[1mCMake Warning[0m at /usr/src/googletest/googletest/CMakeLists.txt:54 (project):
  VERSION keyword not followed by a value or was followed by a value that
  expanded to nothing.


[36m--[0m Found Boost: /usr/lib/x86_64-linux-gnu/cmake/Boost-1.71.0/BoostConfig.cmake (found version "1.71.0") found components: iostreams
[31m[1mCMake Error[0m at /home/zf/catkin_ws/src/cartographer/CMakeLists.txt:39 (find_package):
  By not providing "FindCeres.cmake" in CMAKE_MODULE_PATH this project has
  asked CMake to find a package configuration file provided by "Ceres", but
  CMake did not find one.

  Could not find a package configuration file provided by "Ceres" with any of
  the following names:

    CeresConfig.cmake
    ceres-config.cmake

  Add the installation prefix of "Ceres" to CMAKE_PREFIX_PATH or set
  "Ceres_DIR" to a directory containing one of the above files.  If "Ceres"
  provides a separate development package or SDK, be sure it has been
  installed.


[36m--[0m Configuring incomplete, errors occurred!
See also "/home/zf/catkin_ws/build/cartographer/CMakeFiles/CMakeOutput.log".
See also "/home/zf/catkin_ws/build/cartographer/CMakeFiles/CMakeError.log".
