[  0%] Built target geometry_msgs_generate_messages_nodejs
[  0%] Built target std_msgs_generate_messages_nodejs
[  0%] Built target geometry_msgs_generate_messages_py
[  0%] Built target geometry_msgs_generate_messages_cpp
[  0%] Built target geometry_msgs_generate_messages_eus
[  0%] Built target std_msgs_generate_messages_py
[  0%] Built target std_msgs_generate_messages_cpp
[  0%] Built target std_msgs_generate_messages_eus
[  0%] Built target geometry_msgs_generate_messages_lisp
[  0%] Built target std_msgs_generate_messages_lisp
[  0%] Built target _ar_track_alvar_msgs_generate_messages_check_deps_AlvarMarkers
[  0%] Built target _ar_track_alvar_msgs_generate_messages_check_deps_AlvarMarker
[ 50%] Generating EusLisp code from ar_track_alvar_msgs/AlvarMarker.msg
[ 50%] Generating Lisp code from ar_track_alvar_msgs/AlvarMarker.msg
[ 50%] Generating C++ code from ar_track_alvar_msgs/AlvarMarker.msg
[ 50%] Generating Javascript code from ar_track_alvar_msgs/AlvarMarker.msg
[ 50%] Generating Python from MSG ar_track_alvar_msgs/AlvarMarker
[ 50%] Generating C++ code from ar_track_alvar_msgs/AlvarMarkers.msg
[ 58%] Generating Python from MSG ar_track_alvar_msgs/AlvarMarkers
[ 75%] Generating EusLisp code from ar_track_alvar_msgs/AlvarMarkers.msg
[ 75%] Generating EusLisp manifest code for ar_track_alvar_msgs
[ 91%] Generating Lisp code from ar_track_alvar_msgs/AlvarMarkers.msg
[ 91%] Generating Javascript code from ar_track_alvar_msgs/AlvarMarkers.msg
[ 91%] Built target ar_track_alvar_msgs_generate_messages_nodejs
[ 91%] Built target ar_track_alvar_msgs_generate_messages_lisp
[ 91%] Built target ar_track_alvar_msgs_generate_messages_cpp
[100%] Generating Python msg __init__.py for ar_track_alvar_msgs
[100%] Built target ar_track_alvar_msgs_generate_messages_eus
[100%] Built target ar_track_alvar_msgs_generate_messages_py
[100%] Built target ar_track_alvar_msgs_generate_messages
