Symlinking /home/zf/catkin_ws/devel/share/roseus/ros/message/manifest.l
Symlinking /home/zf/catkin_ws/devel/share/roseus/ros/message/msg/content.l
Symlinking /home/zf/catkin_ws/devel/share/roseus/ros/message/srv/text.l
Symlinking /home/zf/catkin_ws/devel/share/gennodejs/ros/message/_index.js
Symlinking /home/zf/catkin_ws/devel/share/gennodejs/ros/message/msg/_index.js
Symlinking /home/zf/catkin_ws/devel/share/gennodejs/ros/message/msg/content.js
Symlinking /home/zf/catkin_ws/devel/share/gennodejs/ros/message/srv/_index.js
Symlinking /home/zf/catkin_ws/devel/share/gennodejs/ros/message/srv/text.js
Symlinking /home/zf/catkin_ws/devel/share/message/cmake/messageConfig.cmake
Symlinking /home/zf/catkin_ws/devel/share/message/cmake/message-msg-paths.cmake
Symlinking /home/zf/catkin_ws/devel/share/message/cmake/messageConfig-version.cmake
Symlinking /home/zf/catkin_ws/devel/share/message/cmake/message-msg-extras.cmake
Symlinking /home/zf/catkin_ws/devel/share/common-lisp/ros/message/msg/_package.lisp
Symlinking /home/zf/catkin_ws/devel/share/common-lisp/ros/message/msg/_package_content.lisp
Symlinking /home/zf/catkin_ws/devel/share/common-lisp/ros/message/msg/message-msg.asd
Symlinking /home/zf/catkin_ws/devel/share/common-lisp/ros/message/msg/content.lisp
Symlinking /home/zf/catkin_ws/devel/share/common-lisp/ros/message/srv/_package.lisp
Symlinking /home/zf/catkin_ws/devel/share/common-lisp/ros/message/srv/message-srv.asd
Symlinking /home/zf/catkin_ws/devel/share/common-lisp/ros/message/srv/text.lisp
Symlinking /home/zf/catkin_ws/devel/share/common-lisp/ros/message/srv/_package_text.lisp
Symlinking /home/zf/catkin_ws/devel/lib/python3/dist-packages/message/__init__.py
Symlinking /home/zf/catkin_ws/devel/lib/python3/dist-packages/message/msg/_content.py
Symlinking /home/zf/catkin_ws/devel/lib/python3/dist-packages/message/msg/__init__.py
Symlinking /home/zf/catkin_ws/devel/lib/python3/dist-packages/message/srv/_text.py
Symlinking /home/zf/catkin_ws/devel/lib/python3/dist-packages/message/srv/__init__.py
Symlinking /home/zf/catkin_ws/devel/lib/pkgconfig/message.pc
Symlinking /home/zf/catkin_ws/devel/include/message/textRequest.h
Symlinking /home/zf/catkin_ws/devel/include/message/text.h
Symlinking /home/zf/catkin_ws/devel/include/message/textResponse.h
Symlinking /home/zf/catkin_ws/devel/include/message/content.h
