[35m[1mScanning dependencies of target std_msgs_generate_messages_lisp[0m
[35m[1mScanning dependencies of target _message_generate_messages_check_deps_content[0m
[35m[1mScanning dependencies of target _message_generate_messages_check_deps_text[0m
[35m[1mScanning dependencies of target std_msgs_generate_messages_py[0m
[35m[1mScanning dependencies of target std_msgs_generate_messages_nodejs[0m
[35m[1mScanning dependencies of target std_msgs_generate_messages_eus[0m
[35m[1mScanning dependencies of target std_msgs_generate_messages_cpp[0m
[  0%] Built target std_msgs_generate_messages_lisp
[  0%] Built target std_msgs_generate_messages_py
[  0%] Built target std_msgs_generate_messages_nodejs
[  0%] Built target std_msgs_generate_messages_eus
[  0%] Built target std_msgs_generate_messages_cpp
[  0%] Built target _message_generate_messages_check_deps_text
[  0%] Built target _message_generate_messages_check_deps_content
[35m[1mScanning dependencies of target message_generate_messages_cpp[0m
[35m[1mScanning dependencies of target message_generate_messages_eus[0m
[35m[1mScanning dependencies of target message_generate_messages_py[0m
[35m[1mScanning dependencies of target message_generate_messages_lisp[0m
[35m[1mScanning dependencies of target message_generate_messages_nodejs[0m
[ 15%] [34m[1mGenerating Lisp code from message/content.msg[0m
[ 15%] [34m[1mGenerating Javascript code from message/text.srv[0m
[ 23%] [34m[1mGenerating EusLisp manifest code for message[0m
[ 30%] [34m[1mGenerating Lisp code from message/text.srv[0m
[ 38%] [34m[1mGenerating C++ code from message/content.msg[0m
[ 46%] [34m[1mGenerating Javascript code from message/content.msg[0m
[ 53%] [34m[1mGenerating Python from MSG message/content[0m
[ 69%] [34m[1mGenerating C++ code from message/text.srv[0m
[ 61%] [34m[1mGenerating Python code from SRV message/text[0m
[ 76%] [34m[1mGenerating EusLisp code from message/text.srv[0m
[ 84%] [34m[1mGenerating EusLisp code from message/content.msg[0m
[ 84%] Built target message_generate_messages_lisp
[ 84%] Built target message_generate_messages_nodejs
[ 84%] Built target message_generate_messages_cpp
[100%] [34m[1mGenerating Python srv __init__.py for message[0m
[100%] [34m[1mGenerating Python msg __init__.py for message[0m
[100%] Built target message_generate_messages_eus
[100%] Built target message_generate_messages_py
[35m[1mScanning dependencies of target message_generate_messages[0m
[100%] Built target message_generate_messages
