Linked: (/home/zf/catkin_ws/devel/.private/message/share/roseus/ros/message/manifest.l, /home/zf/catkin_ws/devel/share/roseus/ros/message/manifest.l)
Linked: (/home/zf/catkin_ws/devel/.private/message/share/roseus/ros/message/msg/content.l, /home/zf/catkin_ws/devel/share/roseus/ros/message/msg/content.l)
Linked: (/home/zf/catkin_ws/devel/.private/message/share/roseus/ros/message/srv/text.l, /home/zf/catkin_ws/devel/share/roseus/ros/message/srv/text.l)
Linked: (/home/zf/catkin_ws/devel/.private/message/share/gennodejs/ros/message/_index.js, /home/zf/catkin_ws/devel/share/gennodejs/ros/message/_index.js)
Linked: (/home/zf/catkin_ws/devel/.private/message/share/gennodejs/ros/message/msg/_index.js, /home/zf/catkin_ws/devel/share/gennodejs/ros/message/msg/_index.js)
Linked: (/home/zf/catkin_ws/devel/.private/message/share/gennodejs/ros/message/msg/content.js, /home/zf/catkin_ws/devel/share/gennodejs/ros/message/msg/content.js)
Linked: (/home/zf/catkin_ws/devel/.private/message/share/gennodejs/ros/message/srv/_index.js, /home/zf/catkin_ws/devel/share/gennodejs/ros/message/srv/_index.js)
Linked: (/home/zf/catkin_ws/devel/.private/message/share/gennodejs/ros/message/srv/text.js, /home/zf/catkin_ws/devel/share/gennodejs/ros/message/srv/text.js)
Linked: (/home/zf/catkin_ws/devel/.private/message/share/message/cmake/messageConfig.cmake, /home/zf/catkin_ws/devel/share/message/cmake/messageConfig.cmake)
Linked: (/home/zf/catkin_ws/devel/.private/message/share/message/cmake/message-msg-paths.cmake, /home/zf/catkin_ws/devel/share/message/cmake/message-msg-paths.cmake)
Linked: (/home/zf/catkin_ws/devel/.private/message/share/message/cmake/messageConfig-version.cmake, /home/zf/catkin_ws/devel/share/message/cmake/messageConfig-version.cmake)
Linked: (/home/zf/catkin_ws/devel/.private/message/share/message/cmake/message-msg-extras.cmake, /home/zf/catkin_ws/devel/share/message/cmake/message-msg-extras.cmake)
Linked: (/home/zf/catkin_ws/devel/.private/message/share/common-lisp/ros/message/msg/_package.lisp, /home/zf/catkin_ws/devel/share/common-lisp/ros/message/msg/_package.lisp)
Linked: (/home/zf/catkin_ws/devel/.private/message/share/common-lisp/ros/message/msg/_package_content.lisp, /home/zf/catkin_ws/devel/share/common-lisp/ros/message/msg/_package_content.lisp)
Linked: (/home/zf/catkin_ws/devel/.private/message/share/common-lisp/ros/message/msg/message-msg.asd, /home/zf/catkin_ws/devel/share/common-lisp/ros/message/msg/message-msg.asd)
Linked: (/home/zf/catkin_ws/devel/.private/message/share/common-lisp/ros/message/msg/content.lisp, /home/zf/catkin_ws/devel/share/common-lisp/ros/message/msg/content.lisp)
Linked: (/home/zf/catkin_ws/devel/.private/message/share/common-lisp/ros/message/srv/_package.lisp, /home/zf/catkin_ws/devel/share/common-lisp/ros/message/srv/_package.lisp)
Linked: (/home/zf/catkin_ws/devel/.private/message/share/common-lisp/ros/message/srv/message-srv.asd, /home/zf/catkin_ws/devel/share/common-lisp/ros/message/srv/message-srv.asd)
Linked: (/home/zf/catkin_ws/devel/.private/message/share/common-lisp/ros/message/srv/text.lisp, /home/zf/catkin_ws/devel/share/common-lisp/ros/message/srv/text.lisp)
Linked: (/home/zf/catkin_ws/devel/.private/message/share/common-lisp/ros/message/srv/_package_text.lisp, /home/zf/catkin_ws/devel/share/common-lisp/ros/message/srv/_package_text.lisp)
Linked: (/home/zf/catkin_ws/devel/.private/message/lib/python3/dist-packages/message/__init__.py, /home/zf/catkin_ws/devel/lib/python3/dist-packages/message/__init__.py)
Linked: (/home/zf/catkin_ws/devel/.private/message/lib/python3/dist-packages/message/msg/_content.py, /home/zf/catkin_ws/devel/lib/python3/dist-packages/message/msg/_content.py)
Linked: (/home/zf/catkin_ws/devel/.private/message/lib/python3/dist-packages/message/msg/__init__.py, /home/zf/catkin_ws/devel/lib/python3/dist-packages/message/msg/__init__.py)
Linked: (/home/zf/catkin_ws/devel/.private/message/lib/python3/dist-packages/message/srv/_text.py, /home/zf/catkin_ws/devel/lib/python3/dist-packages/message/srv/_text.py)
Linked: (/home/zf/catkin_ws/devel/.private/message/lib/python3/dist-packages/message/srv/__init__.py, /home/zf/catkin_ws/devel/lib/python3/dist-packages/message/srv/__init__.py)
Linked: (/home/zf/catkin_ws/devel/.private/message/lib/pkgconfig/message.pc, /home/zf/catkin_ws/devel/lib/pkgconfig/message.pc)
Linked: (/home/zf/catkin_ws/devel/.private/message/include/message/textRequest.h, /home/zf/catkin_ws/devel/include/message/textRequest.h)
Linked: (/home/zf/catkin_ws/devel/.private/message/include/message/text.h, /home/zf/catkin_ws/devel/include/message/text.h)
Linked: (/home/zf/catkin_ws/devel/.private/message/include/message/textResponse.h, /home/zf/catkin_ws/devel/include/message/textResponse.h)
Linked: (/home/zf/catkin_ws/devel/.private/message/include/message/content.h, /home/zf/catkin_ws/devel/include/message/content.h)
